disk_read_vfs_total_us: 6.223
disk_read_vfs_count: 8
disk_read_block_total_us: 0.000
disk_read_block_count: 0
disk_read_vfs_total_us: 530932.509
disk_read_vfs_count: 429
disk_read_block_total_us: 2261.758
disk_read_block_count: 2
disk_read_vfs_total_us: 2080409.710
disk_read_vfs_count: 3427
disk_read_block_total_us: 18265.833
disk_read_block_count: 23
disk_read_vfs_total_us: 998782.926
disk_read_vfs_count: 50
disk_read_block_total_us: 10292.243
disk_read_block_count: 8
disk_read_vfs_total_us: 1006440.051
disk_read_vfs_count: 1528
disk_read_block_total_us: 347.210
disk_read_block_count: 1
disk_read_vfs_total_us: 3544570.128
disk_read_vfs_count: 3527
disk_read_block_total_us: 0.000
disk_read_block_count: 0
disk_read_vfs_total_us: 999643.632
disk_read_vfs_count: 72
disk_read_block_total_us: 2950.215
disk_read_block_count: 6
disk_read_vfs_total_us: 3539353.098
disk_read_vfs_count: 3403
disk_read_block_total_us: 0.000
disk_read_block_count: 0
disk_read_vfs_total_us: 999125.654
disk_read_vfs_count: 64
disk_read_block_total_us: 96.225
disk_read_block_count: 1
disk_read_vfs_total_us: 1037839.142
disk_read_vfs_count: 6409
disk_read_block_total_us: 0.000
disk_read_block_count: 0
disk_read_vfs_total_us: 3500141.281
disk_read_vfs_count: 78
disk_read_block_total_us: 344.495
disk_read_block_count: 1
