disk_read_vfs_total_us: 5.220
disk_read_vfs_count: 8
disk_read_block_total_us: 0.000
disk_read_block_count: 0
disk_read_vfs_total_us: 558345.873
disk_read_vfs_count: 100
disk_read_block_total_us: 2904.201
disk_read_block_count: 3
disk_read_vfs_total_us: 1046419.290
disk_read_vfs_count: 4814
disk_read_block_total_us: 0.000
disk_read_block_count: 0
disk_read_vfs_total_us: 1004909.904
disk_read_vfs_count: 134
disk_read_block_total_us: 1890.349
disk_read_block_count: 1
disk_read_vfs_total_us: 3535846.661
disk_read_vfs_count: 3418
disk_read_block_total_us: 0.000
disk_read_block_count: 0
disk_read_vfs_total_us: 998976.722
disk_read_vfs_count: 58
disk_read_block_total_us: 162.636
disk_read_block_count: 1
disk_read_vfs_total_us: 3536504.969
disk_read_vfs_count: 3369
disk_read_block_total_us: 490.422
disk_read_block_count: 2
disk_read_vfs_total_us: 999151.132
disk_read_vfs_count: 86
disk_read_block_total_us: 78.243
disk_read_block_count: 1
disk_read_vfs_total_us: 1037820.299
disk_read_vfs_count: 3426
disk_read_block_total_us: 0.000
disk_read_block_count: 0
disk_read_vfs_total_us: 3499819.192
disk_read_vfs_count: 73
disk_read_block_total_us: 247.278
disk_read_block_count: 1
disk_read_vfs_total_us: 999203.285
disk_read_vfs_count: 50
disk_read_block_total_us: 0.000
disk_read_block_count: 0
