disk_read_vfs_total_us: 6.060
disk_read_vfs_count: 8
disk_read_block_total_us: 0.000
disk_read_block_count: 0
disk_read_vfs_total_us: 42392.491
disk_read_vfs_count: 4861
disk_read_block_total_us: 20494.486
disk_read_block_count: 19
disk_read_vfs_total_us: 2222710.879
disk_read_vfs_count: 111
disk_read_block_total_us: 8951.447
disk_read_block_count: 14
disk_read_vfs_total_us: 1045768.287
disk_read_vfs_count: 3448
disk_read_block_total_us: 65.706
disk_read_block_count: 1
disk_read_vfs_total_us: 3499310.809
disk_read_vfs_count: 66
disk_read_block_total_us: 0.000
disk_read_block_count: 0
disk_read_vfs_total_us: 1037330.486
disk_read_vfs_count: 3360
disk_read_block_total_us: 175.978
disk_read_block_count: 1
disk_read_vfs_total_us: 998985.543
disk_read_vfs_count: 55
disk_read_block_total_us: 572.123
disk_read_block_count: 2
disk_read_vfs_total_us: 3499298.355
disk_read_vfs_count: 62
disk_read_block_total_us: 232.421
disk_read_block_count: 1
disk_read_vfs_total_us: 1037894.216
disk_read_vfs_count: 3348
disk_read_block_total_us: 0.000
disk_read_block_count: 0
disk_read_vfs_total_us: 3499018.455
disk_read_vfs_count: 52
disk_read_block_total_us: 408.568
disk_read_block_count: 2
disk_read_vfs_total_us: 1037259.890
disk_read_vfs_count: 3414
disk_read_block_total_us: 0.000
disk_read_block_count: 0
