disk_read_vfs_total_us: 6.533
disk_read_vfs_count: 8
disk_read_block_total_us: 0.000
disk_read_block_count: 0
disk_read_vfs_total_us: 833898.164
disk_read_vfs_count: 5139
disk_read_block_total_us: 3745.006
disk_read_block_count: 4
disk_read_vfs_total_us: 1004818.677
disk_read_vfs_count: 137
disk_read_block_total_us: 0.000
disk_read_block_count: 0
disk_read_vfs_total_us: 1045638.859
disk_read_vfs_count: 3527
disk_read_block_total_us: 258.384
disk_read_block_count: 1
disk_read_vfs_total_us: 3499863.064
disk_read_vfs_count: 56
disk_read_block_total_us: 0.000
disk_read_block_count: 0
disk_read_vfs_total_us: 1020904.759
disk_read_vfs_count: 585
disk_read_block_total_us: 309.999
disk_read_block_count: 1
disk_read_vfs_total_us: 3516832.568
disk_read_vfs_count: 2861
disk_read_block_total_us: 869.883
disk_read_block_count: 2
disk_read_vfs_total_us: 999349.929
disk_read_vfs_count: 64
disk_read_block_total_us: 255.060
disk_read_block_count: 1
disk_read_vfs_total_us: 1036673.806
disk_read_vfs_count: 7532
disk_read_block_total_us: 0.000
disk_read_block_count: 0
disk_read_vfs_total_us: 3500103.686
disk_read_vfs_count: 54
disk_read_block_total_us: 1042.316
disk_read_block_count: 3
disk_read_vfs_total_us: 1037252.096
disk_read_vfs_count: 3453
disk_read_block_total_us: 0.000
disk_read_block_count: 0
