disk_read_vfs_total_us: 5.589
disk_read_vfs_count: 8
disk_read_block_total_us: 0.000
disk_read_block_count: 0
disk_read_vfs_total_us: 613.594
disk_read_vfs_count: 133
disk_read_block_total_us: 2242.323
disk_read_block_count: 2
disk_read_vfs_total_us: 1983722.420
disk_read_vfs_count: 53
disk_read_block_total_us: 122.302
disk_read_block_count: 1
disk_read_vfs_total_us: 1046134.325
disk_read_vfs_count: 4923
disk_read_block_total_us: 0.000
disk_read_block_count: 0
disk_read_vfs_total_us: 3505087.732
disk_read_vfs_count: 135
disk_read_block_total_us: 273.341
disk_read_block_count: 1
disk_read_vfs_total_us: 1036151.598
disk_read_vfs_count: 3432
disk_read_block_total_us: 0.000
disk_read_block_count: 0
disk_read_vfs_total_us: 998735.598
disk_read_vfs_count: 51
disk_read_block_total_us: 3110.229
disk_read_block_count: 3
disk_read_vfs_total_us: 3536294.133
disk_read_vfs_count: 3441
disk_read_block_total_us: 0.000
disk_read_block_count: 0
disk_read_vfs_total_us: 999269.581
disk_read_vfs_count: 50
disk_read_block_total_us: 582.195
disk_read_block_count: 2
disk_read_vfs_total_us: 3498969.656
disk_read_vfs_count: 59
disk_read_block_total_us: 0.000
disk_read_block_count: 0
disk_read_vfs_total_us: 1040649.980
disk_read_vfs_count: 13990
disk_read_block_total_us: 325.724
disk_read_block_count: 1
