disk_read_vfs_total_us: 14.710
disk_read_vfs_count: 8
disk_read_block_total_us: 0.000
disk_read_block_count: 0
disk_read_vfs_total_us: 525698.652
disk_read_vfs_count: 294
disk_read_block_total_us: 2172.266
disk_read_block_count: 2
disk_read_vfs_total_us: 1514132.035
disk_read_vfs_count: 3417
disk_read_block_total_us: 214.239
disk_read_block_count: 1
disk_read_vfs_total_us: 999064.374
disk_read_vfs_count: 52
disk_read_block_total_us: 0.000
disk_read_block_count: 0
disk_read_vfs_total_us: 3509178.200
disk_read_vfs_count: 1560
disk_read_block_total_us: 182.579
disk_read_block_count: 1
disk_read_vfs_total_us: 1044596.798
disk_read_vfs_count: 3570
disk_read_block_total_us: 12269.236
disk_read_block_count: 8
disk_read_vfs_total_us: 999281.643
disk_read_vfs_count: 57
disk_read_block_total_us: 16931.989
disk_read_block_count: 18
disk_read_vfs_total_us: 3537358.287
disk_read_vfs_count: 3455
disk_read_block_total_us: 0.000
disk_read_block_count: 0
disk_read_vfs_total_us: 999035.809
disk_read_vfs_count: 57
disk_read_block_total_us: 187.732
disk_read_block_count: 1
disk_read_vfs_total_us: 3538542.515
disk_read_vfs_count: 3435
disk_read_block_total_us: 0.000
disk_read_block_count: 0
disk_read_vfs_total_us: 999199.137
disk_read_vfs_count: 56
disk_read_block_total_us: 272.232
disk_read_block_count: 1
