disk_read_vfs_total_us: 24.961
disk_read_vfs_count: 8
disk_read_block_total_us: 0.000
disk_read_block_count: 0
disk_read_vfs_total_us: 275010.080
disk_read_vfs_count: 10014
disk_read_block_total_us: 2192.941
disk_read_block_count: 2
disk_read_vfs_total_us: 999280.172
disk_read_vfs_count: 55
disk_read_block_total_us: 182.784
disk_read_block_count: 1
disk_read_vfs_total_us: 3519093.891
disk_read_vfs_count: 636
disk_read_block_total_us: 410.457
disk_read_block_count: 1
disk_read_vfs_total_us: 1023068.047
disk_read_vfs_count: 4297
disk_read_block_total_us: 258.244
disk_read_block_count: 1
disk_read_vfs_total_us: 1004690.200
disk_read_vfs_count: 157
disk_read_block_total_us: 0.000
disk_read_block_count: 0
disk_read_vfs_total_us: 3535991.911
disk_read_vfs_count: 3370
disk_read_block_total_us: 1000.285
disk_read_block_count: 3
disk_read_vfs_total_us: 998877.343
disk_read_vfs_count: 83
disk_read_block_total_us: 44734.159
disk_read_block_count: 31
disk_read_vfs_total_us: 3540345.654
disk_read_vfs_count: 3410
disk_read_block_total_us: 7928.375
disk_read_block_count: 12
disk_read_vfs_total_us: 998963.651
disk_read_vfs_count: 54
disk_read_block_total_us: 1538.934
disk_read_block_count: 1
disk_read_vfs_total_us: 1036054.100
disk_read_vfs_count: 3443
disk_read_block_total_us: 0.000
disk_read_block_count: 0
