disk_read_vfs_total_us: 8.750
disk_read_vfs_count: 8
disk_read_block_total_us: 0.000
disk_read_block_count: 0
disk_read_vfs_total_us: 997.580
disk_read_vfs_count: 189
disk_read_block_total_us: 4385.109
disk_read_block_count: 3
disk_read_vfs_total_us: 1038806.284
disk_read_vfs_count: 3397
disk_read_block_total_us: 0.000
disk_read_block_count: 0
disk_read_vfs_total_us: 3038237.082
disk_read_vfs_count: 51
disk_read_block_total_us: 196.465
disk_read_block_count: 1
disk_read_vfs_total_us: 1006851.549
disk_read_vfs_count: 1528
disk_read_block_total_us: 0.000
disk_read_block_count: 0
disk_read_vfs_total_us: 3545637.496
disk_read_vfs_count: 3512
disk_read_block_total_us: 0.000
disk_read_block_count: 0
disk_read_vfs_total_us: 999465.231
disk_read_vfs_count: 71
disk_read_block_total_us: 655.792
disk_read_block_count: 3
disk_read_vfs_total_us: 1038435.885
disk_read_vfs_count: 3429
disk_read_block_total_us: 0.000
disk_read_block_count: 0
disk_read_vfs_total_us: 3499104.760
disk_read_vfs_count: 62
disk_read_block_total_us: 72.517
disk_read_block_count: 1
disk_read_vfs_total_us: 1037528.785
disk_read_vfs_count: 3430
disk_read_block_total_us: 9362.362
disk_read_block_count: 16
disk_read_vfs_total_us: 3500344.757
disk_read_vfs_count: 56
disk_read_block_total_us: 7474.972
disk_read_block_count: 10
