disk_read_vfs_total_us: 7.192
disk_read_vfs_count: 8
disk_read_block_total_us: 0.000
disk_read_block_count: 0
disk_read_vfs_total_us: 425.208
disk_read_vfs_count: 85
disk_read_block_total_us: 2980.707
disk_read_block_count: 4
disk_read_vfs_total_us: 1026508.540
disk_read_vfs_count: 2148
disk_read_block_total_us: 0.000
disk_read_block_count: 0
disk_read_vfs_total_us: 3359224.957
disk_read_vfs_count: 2743
disk_read_block_total_us: 101.972
disk_read_block_count: 1
disk_read_vfs_total_us: 1004748.551
disk_read_vfs_count: 140
disk_read_block_total_us: 0.000
disk_read_block_count: 0
disk_read_vfs_total_us: 3538012.313
disk_read_vfs_count: 3395
disk_read_block_total_us: 78.085
disk_read_block_count: 1
disk_read_vfs_total_us: 999072.628
disk_read_vfs_count: 67
disk_read_block_total_us: 928.778
disk_read_block_count: 3
disk_read_vfs_total_us: 1037471.602
disk_read_vfs_count: 3399
disk_read_block_total_us: 71.370
disk_read_block_count: 1
disk_read_vfs_total_us: 3500253.213
disk_read_vfs_count: 59
disk_read_block_total_us: 0.000
disk_read_block_count: 0
disk_read_vfs_total_us: 1038828.572
disk_read_vfs_count: 3337
disk_read_block_total_us: 65.097
disk_read_block_count: 1
disk_read_vfs_total_us: 3499539.324
disk_read_vfs_count: 60
disk_read_block_total_us: 0.000
disk_read_block_count: 0
