Monitoring disk write latencies (VFS & Block)... Press Ctrl+C to stop.
disk_write_to_cache_total_latency_ns: 19551
disk_write_to_cache_count: 1
disk_cache_to_disk_total_latency_ns: 0
disk_cache_to_disk_count: 0
disk_write_to_cache_total_latency_ns: 1641591
disk_write_to_cache_count: 81
disk_cache_to_disk_total_latency_ns: 2920771
disk_cache_to_disk_count: 3
disk_write_to_cache_total_latency_ns: 13633087
disk_write_to_cache_count: 1836
disk_cache_to_disk_total_latency_ns: 165745
disk_cache_to_disk_count: 1
disk_write_to_cache_total_latency_ns: 448685
disk_write_to_cache_count: 28
disk_cache_to_disk_total_latency_ns: 267887
disk_cache_to_disk_count: 1
disk_write_to_cache_total_latency_ns: 12961205
disk_write_to_cache_count: 1867
disk_cache_to_disk_total_latency_ns: 361415
disk_cache_to_disk_count: 1
disk_write_to_cache_total_latency_ns: 978719
disk_write_to_cache_count: 59
disk_cache_to_disk_total_latency_ns: 361881
disk_cache_to_disk_count: 1
disk_write_to_cache_total_latency_ns: 13253019
disk_write_to_cache_count: 1843
disk_cache_to_disk_total_latency_ns: 1128136
disk_cache_to_disk_count: 3
disk_write_to_cache_total_latency_ns: 857449
disk_write_to_cache_count: 66
disk_cache_to_disk_total_latency_ns: 10214191
disk_cache_to_disk_count: 12
disk_write_to_cache_total_latency_ns: 1432722
disk_write_to_cache_count: 598
disk_cache_to_disk_total_latency_ns: 947760
disk_cache_to_disk_count: 1
disk_write_to_cache_total_latency_ns: 11850607
disk_write_to_cache_count: 1258
disk_cache_to_disk_total_latency_ns: 15621880
disk_cache_to_disk_count: 19
disk_write_to_cache_total_latency_ns: 560668
disk_write_to_cache_count: 33
disk_cache_to_disk_total_latency_ns: 293864
disk_cache_to_disk_count: 1
