Monitoring disk write latencies (VFS & Block)... Press Ctrl+C to stop.
disk_write_to_cache_total_latency_ns: 16093
disk_write_to_cache_count: 1
disk_cache_to_disk_total_latency_ns: 0
disk_cache_to_disk_count: 0
disk_write_to_cache_total_latency_ns: 4970995
disk_write_to_cache_count: 9480
disk_cache_to_disk_total_latency_ns: 3091086
disk_cache_to_disk_count: 4
disk_write_to_cache_total_latency_ns: 13479942
disk_write_to_cache_count: 1860
disk_cache_to_disk_total_latency_ns: 0
disk_cache_to_disk_count: 0
disk_write_to_cache_total_latency_ns: 1119938
disk_write_to_cache_count: 59
disk_cache_to_disk_total_latency_ns: 173398
disk_cache_to_disk_count: 1
disk_write_to_cache_total_latency_ns: 12363393
disk_write_to_cache_count: 1823
disk_cache_to_disk_total_latency_ns: 0
disk_cache_to_disk_count: 0
disk_write_to_cache_total_latency_ns: 518831
disk_write_to_cache_count: 28
disk_cache_to_disk_total_latency_ns: 0
disk_cache_to_disk_count: 0
disk_write_to_cache_total_latency_ns: 12598751
disk_write_to_cache_count: 1831
disk_cache_to_disk_total_latency_ns: 1265201
disk_cache_to_disk_count: 3
disk_write_to_cache_total_latency_ns: 770435
disk_write_to_cache_count: 43
disk_cache_to_disk_total_latency_ns: 505060
disk_cache_to_disk_count: 1
disk_write_to_cache_total_latency_ns: 13103380
disk_write_to_cache_count: 1830
disk_cache_to_disk_total_latency_ns: 360090
disk_cache_to_disk_count: 1
disk_write_to_cache_total_latency_ns: 1716444
disk_write_to_cache_count: 35
disk_cache_to_disk_total_latency_ns: 0
disk_cache_to_disk_count: 0
disk_write_to_cache_total_latency_ns: 880055
disk_write_to_cache_count: 28
disk_cache_to_disk_total_latency_ns: 169010
disk_cache_to_disk_count: 1
