Monitoring disk write latencies (VFS & Block)... Press Ctrl+C to stop.
disk_write_to_cache_total_latency_ns: 15073
disk_write_to_cache_count: 1
disk_cache_to_disk_total_latency_ns: 0
disk_cache_to_disk_count: 0
disk_write_to_cache_total_latency_ns: 4009357
disk_write_to_cache_count: 259
disk_cache_to_disk_total_latency_ns: 3219024
disk_cache_to_disk_count: 4
disk_write_to_cache_total_latency_ns: 13936617
disk_write_to_cache_count: 1850
disk_cache_to_disk_total_latency_ns: 388993
disk_cache_to_disk_count: 1
disk_write_to_cache_total_latency_ns: 966868
disk_write_to_cache_count: 65
disk_cache_to_disk_total_latency_ns: 177876
disk_cache_to_disk_count: 1
disk_write_to_cache_total_latency_ns: 14701698
disk_write_to_cache_count: 1875
disk_cache_to_disk_total_latency_ns: 0
disk_cache_to_disk_count: 0
disk_write_to_cache_total_latency_ns: 1019301
disk_write_to_cache_count: 59
disk_cache_to_disk_total_latency_ns: 156629
disk_cache_to_disk_count: 1
disk_write_to_cache_total_latency_ns: 2701456
disk_write_to_cache_count: 685
disk_cache_to_disk_total_latency_ns: 1047383
disk_cache_to_disk_count: 5
disk_write_to_cache_total_latency_ns: 6863372
disk_write_to_cache_count: 3886
disk_cache_to_disk_total_latency_ns: 6587719
disk_cache_to_disk_count: 8
disk_write_to_cache_total_latency_ns: 650986
disk_write_to_cache_count: 34
disk_cache_to_disk_total_latency_ns: 12192705
disk_cache_to_disk_count: 17
disk_write_to_cache_total_latency_ns: 12587741
disk_write_to_cache_count: 1840
disk_cache_to_disk_total_latency_ns: 0
disk_cache_to_disk_count: 0
disk_write_to_cache_total_latency_ns: 671592
disk_write_to_cache_count: 37
disk_cache_to_disk_total_latency_ns: 79379
disk_cache_to_disk_count: 1
