Monitoring disk latencies (ms)... Press Ctrl+C to stop.
disk_write_vfs_total_us: 17.931
disk_write_vfs_count: 1
disk_write_block_total_us: 0.000
disk_write_block_count: 0
disk_write_vfs_total_us: 1795.795
disk_write_vfs_count: 104
disk_write_block_total_us: 2998.807
disk_write_block_count: 3
disk_write_vfs_total_us: 14449.689
disk_write_vfs_count: 1901
disk_write_block_total_us: 270.954
disk_write_block_count: 2
disk_write_vfs_total_us: 878.203
disk_write_vfs_count: 39
disk_write_block_total_us: 0.000
disk_write_block_count: 0
disk_write_vfs_total_us: 586.550
disk_write_vfs_count: 29
disk_write_block_total_us: 79.627
disk_write_block_count: 1
disk_write_vfs_total_us: 12633.671
disk_write_vfs_count: 1843
disk_write_block_total_us: 0.000
disk_write_block_count: 0
disk_write_vfs_total_us: 1017.694
disk_write_vfs_count: 73
disk_write_block_total_us: 499.637
disk_write_block_count: 2
disk_write_vfs_total_us: 13294.183
disk_write_vfs_count: 1881
disk_write_block_total_us: 0.000
disk_write_block_count: 0
disk_write_vfs_total_us: 659.638
disk_write_vfs_count: 35
disk_write_block_total_us: 185.503
disk_write_block_count: 1
disk_write_vfs_total_us: 13405.367
disk_write_vfs_count: 1840
disk_write_block_total_us: 0.000
disk_write_block_count: 0
disk_write_vfs_total_us: 633.332
disk_write_vfs_count: 39
disk_write_block_total_us: 102.639
disk_write_block_count: 1
