Monitoring disk latencies (ms)... Press Ctrl+C to stop.
disk_write_vfs_total_ms: 0.015
disk_write_vfs_count: 1
disk_write_block_total_ms: 0.000
disk_write_block_count: 0
disk_write_vfs_total_ms: 1.849
disk_write_vfs_count: 130
disk_write_block_total_ms: 3.542
disk_write_block_count: 4
disk_write_vfs_total_ms: 8.903
disk_write_vfs_count: 5067
disk_write_block_total_ms: 0.366
disk_write_block_count: 1
disk_write_vfs_total_ms: 0.926
disk_write_vfs_count: 51
disk_write_block_total_ms: 0.000
disk_write_block_count: 0
disk_write_vfs_total_ms: 14.170
disk_write_vfs_count: 1847
disk_write_block_total_ms: 0.076
disk_write_block_count: 1
disk_write_vfs_total_ms: 3.552
disk_write_vfs_count: 163
disk_write_block_total_ms: 0.000
disk_write_block_count: 0
disk_write_vfs_total_ms: 14.283
disk_write_vfs_count: 1858
disk_write_block_total_ms: 0.263
disk_write_block_count: 2
disk_write_vfs_total_ms: 0.682
disk_write_vfs_count: 30
disk_write_block_total_ms: 0.000
disk_write_block_count: 0
disk_write_vfs_total_ms: 4.066
disk_write_vfs_count: 856
disk_write_block_total_ms: 0.397
disk_write_block_count: 1
disk_write_vfs_total_ms: 10.813
disk_write_vfs_count: 1038
disk_write_block_total_ms: 0.000
disk_write_block_count: 0
disk_write_vfs_total_ms: 0.641
disk_write_vfs_count: 31
disk_write_block_total_ms: 0.067
disk_write_block_count: 1
