Monitoring disk write latencies (VFS & Block)... Press Ctrl+C to stop.
disk_write_to_cache_total_latency_ns: 233243
disk_write_to_cache_count: 23
disk_cache_to_disk_total_latency_ns: 0
disk_cache_to_disk_count: 0
disk_write_to_cache_total_latency_ns: 4327650
disk_write_to_cache_count: 415
disk_cache_to_disk_total_latency_ns: 3210014
disk_cache_to_disk_count: 4
disk_write_to_cache_total_latency_ns: 618053
disk_write_to_cache_count: 30
disk_cache_to_disk_total_latency_ns: 0
disk_cache_to_disk_count: 0
disk_write_to_cache_total_latency_ns: 8503343
disk_write_to_cache_count: 5284
disk_cache_to_disk_total_latency_ns: 401896
disk_cache_to_disk_count: 1
disk_write_to_cache_total_latency_ns: 1049887
disk_write_to_cache_count: 66
disk_cache_to_disk_total_latency_ns: 0
disk_cache_to_disk_count: 0
disk_write_to_cache_total_latency_ns: 12427859
disk_write_to_cache_count: 1840
disk_cache_to_disk_total_latency_ns: 171485
disk_cache_to_disk_count: 1
disk_write_to_cache_total_latency_ns: 572608
disk_write_to_cache_count: 40
disk_cache_to_disk_total_latency_ns: 854921
disk_cache_to_disk_count: 2
disk_write_to_cache_total_latency_ns: 12588542
disk_write_to_cache_count: 1830
disk_cache_to_disk_total_latency_ns: 1250789
disk_cache_to_disk_count: 3
disk_write_to_cache_total_latency_ns: 811974
disk_write_to_cache_count: 45
disk_cache_to_disk_total_latency_ns: 0
disk_cache_to_disk_count: 0
disk_write_to_cache_total_latency_ns: 12381236
disk_write_to_cache_count: 1830
disk_cache_to_disk_total_latency_ns: 72545
disk_cache_to_disk_count: 1
disk_write_to_cache_total_latency_ns: 710566
disk_write_to_cache_count: 38
disk_cache_to_disk_total_latency_ns: 0
disk_cache_to_disk_count: 0
