Monitoring disk latencies (ms)... Press Ctrl+C to stop.
disk_write_vfs_total_us: 15.158
disk_write_vfs_count: 1
disk_write_block_total_us: 0.000
disk_write_block_count: 0
disk_write_vfs_total_us: 1626.645
disk_write_vfs_count: 110
disk_write_block_total_us: 3005.451
disk_write_block_count: 4
disk_write_vfs_total_us: 13729.801
disk_write_vfs_count: 1844
disk_write_block_total_us: 0.000
disk_write_block_count: 0
disk_write_vfs_total_us: 1059.525
disk_write_vfs_count: 59
disk_write_block_total_us: 242.268
disk_write_block_count: 1
disk_write_vfs_total_us: 13494.286
disk_write_vfs_count: 1827
disk_write_block_total_us: 0.000
disk_write_block_count: 0
disk_write_vfs_total_us: 699.536
disk_write_vfs_count: 36
disk_write_block_total_us: 222.194
disk_write_block_count: 1
disk_write_vfs_total_us: 5455.444
disk_write_vfs_count: 1016
disk_write_block_total_us: 576.684
disk_write_block_count: 3
disk_write_vfs_total_us: 8765.291
disk_write_vfs_count: 859
disk_write_block_total_us: 159.531
disk_write_block_count: 1
disk_write_vfs_total_us: 628.898
disk_write_vfs_count: 36
disk_write_block_total_us: 0.000
disk_write_block_count: 0
disk_write_vfs_total_us: 12347.632
disk_write_vfs_count: 1837
disk_write_block_total_us: 75.704
disk_write_block_count: 1
disk_write_vfs_total_us: 673.220
disk_write_vfs_count: 36
disk_write_block_total_us: 0.000
disk_write_block_count: 0
