Monitoring disk latencies (ms)... Press Ctrl+C to stop.
disk_write_vfs_total_ms: 0.015
disk_write_vfs_count: 1
disk_write_block_total_ms: 0.000
disk_write_block_count: 0
disk_write_vfs_total_ms: 4.551
disk_write_vfs_count: 354
disk_write_block_total_ms: 0.080
disk_write_block_count: 1
disk_write_vfs_total_ms: 13.318
disk_write_vfs_count: 1854
disk_write_block_total_ms: 0.580
disk_write_block_count: 3
disk_write_vfs_total_ms: 0.672
disk_write_vfs_count: 35
disk_write_block_total_ms: 0.393
disk_write_block_count: 2
disk_write_vfs_total_ms: 5.261
disk_write_vfs_count: 1009
disk_write_block_total_ms: 0.000
disk_write_block_count: 0
disk_write_vfs_total_ms: 8.724
disk_write_vfs_count: 867
disk_write_block_total_ms: 0.093
disk_write_block_count: 1
disk_write_vfs_total_ms: 1.082
disk_write_vfs_count: 69
disk_write_block_total_ms: 0.762
disk_write_block_count: 2
disk_write_vfs_total_ms: 13.479
disk_write_vfs_count: 1857
disk_write_block_total_ms: 0.395
disk_write_block_count: 2
disk_write_vfs_total_ms: 0.621
disk_write_vfs_count: 37
disk_write_block_total_ms: 0.000
disk_write_block_count: 0
disk_write_vfs_total_ms: 12.377
disk_write_vfs_count: 1849
disk_write_block_total_ms: 17.123
disk_write_block_count: 32
disk_write_vfs_total_ms: 4.113
disk_write_vfs_count: 11566
disk_write_block_total_ms: 0.372
disk_write_block_count: 2
