Monitoring disk write latencies (VFS & Block)... Press Ctrl+C to stop.
disk_write_to_cache_total_latency_ns: 13500
disk_write_to_cache_count: 1
disk_cache_to_disk_total_latency_ns: 0
disk_cache_to_disk_count: 0
disk_write_to_cache_total_latency_ns: 15680162
disk_write_to_cache_count: 2043
disk_cache_to_disk_total_latency_ns: 2837099
disk_cache_to_disk_count: 4
disk_write_to_cache_total_latency_ns: 1303098
disk_write_to_cache_count: 87
disk_cache_to_disk_total_latency_ns: 0
disk_cache_to_disk_count: 0
disk_write_to_cache_total_latency_ns: 1217979
disk_write_to_cache_count: 67
disk_cache_to_disk_total_latency_ns: 77686
disk_cache_to_disk_count: 1
disk_write_to_cache_total_latency_ns: 13353464
disk_write_to_cache_count: 1840
disk_cache_to_disk_total_latency_ns: 0
disk_cache_to_disk_count: 0
disk_write_to_cache_total_latency_ns: 683177
disk_write_to_cache_count: 33
disk_cache_to_disk_total_latency_ns: 98000
disk_cache_to_disk_count: 1
disk_write_to_cache_total_latency_ns: 9495419
disk_write_to_cache_count: 3996
disk_cache_to_disk_total_latency_ns: 1658679
disk_cache_to_disk_count: 5
disk_write_to_cache_total_latency_ns: 803896
disk_write_to_cache_count: 40
disk_cache_to_disk_total_latency_ns: 67586
disk_cache_to_disk_count: 1
disk_write_to_cache_total_latency_ns: 12975583
disk_write_to_cache_count: 1845
disk_cache_to_disk_total_latency_ns: 0
disk_cache_to_disk_count: 0
disk_write_to_cache_total_latency_ns: 578383
disk_write_to_cache_count: 33
disk_cache_to_disk_total_latency_ns: 0
disk_cache_to_disk_count: 0
disk_write_to_cache_total_latency_ns: 12615917
disk_write_to_cache_count: 1833
disk_cache_to_disk_total_latency_ns: 82424
disk_cache_to_disk_count: 1
