Monitoring disk write latencies (VFS & Block)... Press Ctrl+C to stop.
disk_write_to_cache_total_latency_ns: 18517
disk_write_to_cache_count: 1
disk_cache_to_disk_total_latency_ns: 0
disk_cache_to_disk_count: 0
disk_write_to_cache_total_latency_ns: 13772432
disk_write_to_cache_count: 11328
disk_cache_to_disk_total_latency_ns: 3012440
disk_cache_to_disk_count: 4
disk_write_to_cache_total_latency_ns: 648928
disk_write_to_cache_count: 33
disk_cache_to_disk_total_latency_ns: 0
disk_cache_to_disk_count: 0
disk_write_to_cache_total_latency_ns: 1003800
disk_write_to_cache_count: 63
disk_cache_to_disk_total_latency_ns: 93591
disk_cache_to_disk_count: 1
disk_write_to_cache_total_latency_ns: 14218897
disk_write_to_cache_count: 1862
disk_cache_to_disk_total_latency_ns: 0
disk_cache_to_disk_count: 0
disk_write_to_cache_total_latency_ns: 561752
disk_write_to_cache_count: 35
disk_cache_to_disk_total_latency_ns: 78943
disk_cache_to_disk_count: 1
disk_write_to_cache_total_latency_ns: 12627913
disk_write_to_cache_count: 1822
disk_cache_to_disk_total_latency_ns: 1107078
disk_cache_to_disk_count: 2
disk_write_to_cache_total_latency_ns: 802455
disk_write_to_cache_count: 32
disk_cache_to_disk_total_latency_ns: 139086
disk_cache_to_disk_count: 1
disk_write_to_cache_total_latency_ns: 12838410
disk_write_to_cache_count: 1833
disk_cache_to_disk_total_latency_ns: 224992
disk_cache_to_disk_count: 1
disk_write_to_cache_total_latency_ns: 795202
disk_write_to_cache_count: 49
disk_cache_to_disk_total_latency_ns: 107532
disk_cache_to_disk_count: 1
disk_write_to_cache_total_latency_ns: 12835200
disk_write_to_cache_count: 1823
disk_cache_to_disk_total_latency_ns: 0
disk_cache_to_disk_count: 0
