Monitoring disk write latencies (VFS & Block)... Press Ctrl+C to stop.
disk_write_to_cache_total_latency_ns: 17018
disk_write_to_cache_count: 1
disk_cache_to_disk_total_latency_ns: 0
disk_cache_to_disk_count: 0
disk_write_to_cache_total_latency_ns: 17920616
disk_write_to_cache_count: 2163
disk_cache_to_disk_total_latency_ns: 2925301
disk_cache_to_disk_count: 3
disk_write_to_cache_total_latency_ns: 903730
disk_write_to_cache_count: 47
disk_cache_to_disk_total_latency_ns: 262933
disk_cache_to_disk_count: 1
disk_write_to_cache_total_latency_ns: 1597395
disk_write_to_cache_count: 592
disk_cache_to_disk_total_latency_ns: 0
disk_cache_to_disk_count: 0
disk_write_to_cache_total_latency_ns: 23017744
disk_write_to_cache_count: 4989
disk_cache_to_disk_total_latency_ns: 170776
disk_cache_to_disk_count: 1
disk_write_to_cache_total_latency_ns: 709253
disk_write_to_cache_count: 28
disk_cache_to_disk_total_latency_ns: 0
disk_cache_to_disk_count: 0
disk_write_to_cache_total_latency_ns: 13174135
disk_write_to_cache_count: 1855
disk_cache_to_disk_total_latency_ns: 1471783
disk_cache_to_disk_count: 6
disk_write_to_cache_total_latency_ns: 781228
disk_write_to_cache_count: 37
disk_cache_to_disk_total_latency_ns: 0
disk_cache_to_disk_count: 0
disk_write_to_cache_total_latency_ns: 13163465
disk_write_to_cache_count: 1839
disk_cache_to_disk_total_latency_ns: 0
disk_cache_to_disk_count: 0
disk_write_to_cache_total_latency_ns: 746767
disk_write_to_cache_count: 39
disk_cache_to_disk_total_latency_ns: 6843656
disk_cache_to_disk_count: 31
disk_write_to_cache_total_latency_ns: 13323862
disk_write_to_cache_count: 1838
disk_cache_to_disk_total_latency_ns: 0
disk_cache_to_disk_count: 0
