Monitoring disk write latencies (VFS & Block)... Press Ctrl+C to stop.
disk_write_to_cache_total_latency_ns: 256973
disk_write_to_cache_count: 19
disk_cache_to_disk_total_latency_ns: 0
disk_cache_to_disk_count: 0
disk_write_to_cache_total_latency_ns: 19481641
disk_write_to_cache_count: 12092
disk_cache_to_disk_total_latency_ns: 30704992
disk_cache_to_disk_count: 19
disk_write_to_cache_total_latency_ns: 1041126
disk_write_to_cache_count: 60
disk_cache_to_disk_total_latency_ns: 174785
disk_cache_to_disk_count: 1
disk_write_to_cache_total_latency_ns: 13217402
disk_write_to_cache_count: 1888
disk_cache_to_disk_total_latency_ns: 311942
disk_cache_to_disk_count: 1
disk_write_to_cache_total_latency_ns: 704879
disk_write_to_cache_count: 36
disk_cache_to_disk_total_latency_ns: 8769993
disk_cache_to_disk_count: 46
disk_write_to_cache_total_latency_ns: 13248576
disk_write_to_cache_count: 1836
disk_cache_to_disk_total_latency_ns: 0
disk_cache_to_disk_count: 0
disk_write_to_cache_total_latency_ns: 617065
disk_write_to_cache_count: 33
disk_cache_to_disk_total_latency_ns: 1034874
disk_cache_to_disk_count: 3
disk_write_to_cache_total_latency_ns: 13634974
disk_write_to_cache_count: 1847
disk_cache_to_disk_total_latency_ns: 0
disk_cache_to_disk_count: 0
disk_write_to_cache_total_latency_ns: 692842
disk_write_to_cache_count: 45
disk_cache_to_disk_total_latency_ns: 690847
disk_cache_to_disk_count: 1
disk_write_to_cache_total_latency_ns: 2024032
disk_write_to_cache_count: 655
disk_cache_to_disk_total_latency_ns: 0
disk_cache_to_disk_count: 0
disk_write_to_cache_total_latency_ns: 11805146
disk_write_to_cache_count: 1216
disk_cache_to_disk_total_latency_ns: 100791
disk_cache_to_disk_count: 1
