Monitoring disk latencies (ms)... Press Ctrl+C to stop.
disk_write_vfs_total_us: 17.028
disk_write_vfs_count: 1
disk_write_block_total_us: 0.000
disk_write_block_count: 0
disk_write_vfs_total_us: 1269.318
disk_write_vfs_count: 74
disk_write_block_total_us: 2974.121
disk_write_block_count: 4
disk_write_vfs_total_us: 843.662
disk_write_vfs_count: 35
disk_write_block_total_us: 0.000
disk_write_block_count: 0
disk_write_vfs_total_us: 13862.400
disk_write_vfs_count: 1872
disk_write_block_total_us: 292.927
disk_write_block_count: 1
disk_write_vfs_total_us: 916.876
disk_write_vfs_count: 53
disk_write_block_total_us: 0.000
disk_write_block_count: 0
disk_write_vfs_total_us: 13590.743
disk_write_vfs_count: 1850
disk_write_block_total_us: 452.362
disk_write_block_count: 1
disk_write_vfs_total_us: 669.892
disk_write_vfs_count: 43
disk_write_block_total_us: 1067.454
disk_write_block_count: 3
disk_write_vfs_total_us: 12854.337
disk_write_vfs_count: 1852
disk_write_block_total_us: 0.000
disk_write_block_count: 0
disk_write_vfs_total_us: 614.623
disk_write_vfs_count: 40
disk_write_block_total_us: 159.549
disk_write_block_count: 1
disk_write_vfs_total_us: 13237.055
disk_write_vfs_count: 2206
disk_write_block_total_us: 0.000
disk_write_block_count: 0
disk_write_vfs_total_us: 4097.980
disk_write_vfs_count: 9913
disk_write_block_total_us: 8029.492
disk_write_block_count: 11
