Monitoring disk write latencies (VFS & Block)... Press Ctrl+C to stop.
disk_write_to_cache_total_latency_ns: 30889
disk_write_to_cache_count: 2
disk_cache_to_disk_total_latency_ns: 0
disk_cache_to_disk_count: 0
disk_write_to_cache_total_latency_ns: 12980632
disk_write_to_cache_count: 1292
disk_cache_to_disk_total_latency_ns: 278468
disk_cache_to_disk_count: 1
disk_write_to_cache_total_latency_ns: 838773
disk_write_to_cache_count: 41
disk_cache_to_disk_total_latency_ns: 0
disk_cache_to_disk_count: 0
disk_write_to_cache_total_latency_ns: 13215067
disk_write_to_cache_count: 1860
disk_cache_to_disk_total_latency_ns: 193893
disk_cache_to_disk_count: 1
disk_write_to_cache_total_latency_ns: 772629
disk_write_to_cache_count: 34
disk_cache_to_disk_total_latency_ns: 554693
disk_cache_to_disk_count: 2
disk_write_to_cache_total_latency_ns: 12835713
disk_write_to_cache_count: 1818
disk_cache_to_disk_total_latency_ns: 67542
disk_cache_to_disk_count: 1
disk_write_to_cache_total_latency_ns: 741524
disk_write_to_cache_count: 36
disk_cache_to_disk_total_latency_ns: 986878
disk_cache_to_disk_count: 2
disk_write_to_cache_total_latency_ns: 13204436
disk_write_to_cache_count: 1833
disk_cache_to_disk_total_latency_ns: 315508
disk_cache_to_disk_count: 1
disk_write_to_cache_total_latency_ns: 906461
disk_write_to_cache_count: 37
disk_cache_to_disk_total_latency_ns: 0
disk_cache_to_disk_count: 0
disk_write_to_cache_total_latency_ns: 12951659
disk_write_to_cache_count: 1822
disk_cache_to_disk_total_latency_ns: 344233
disk_cache_to_disk_count: 2
disk_write_to_cache_total_latency_ns: 579265
disk_write_to_cache_count: 28
disk_cache_to_disk_total_latency_ns: 0
disk_cache_to_disk_count: 0
