Monitoring disk latencies (ms)... Press Ctrl+C to stop.
disk_write_vfs_total_us: 16.694
disk_write_vfs_count: 1
disk_write_block_total_us: 0.000
disk_write_block_count: 0
disk_write_vfs_total_us: 3269.937
disk_write_vfs_count: 233
disk_write_block_total_us: 2922.398
disk_write_block_count: 3
disk_write_vfs_total_us: 13181.853
disk_write_vfs_count: 1866
disk_write_block_total_us: 71.173
disk_write_block_count: 1
disk_write_vfs_total_us: 1219.726
disk_write_vfs_count: 70
disk_write_block_total_us: 0.000
disk_write_block_count: 0
disk_write_vfs_total_us: 13244.046
disk_write_vfs_count: 1843
disk_write_block_total_us: 158.219
disk_write_block_count: 1
disk_write_vfs_total_us: 652.193
disk_write_vfs_count: 33
disk_write_block_total_us: 0.000
disk_write_block_count: 0
disk_write_vfs_total_us: 12473.267
disk_write_vfs_count: 1856
disk_write_block_total_us: 1083.992
disk_write_block_count: 4
disk_write_vfs_total_us: 706.213
disk_write_vfs_count: 33
disk_write_block_total_us: 0.000
disk_write_block_count: 0
disk_write_vfs_total_us: 690.077
disk_write_vfs_count: 34
disk_write_block_total_us: 263.137
disk_write_block_count: 1
disk_write_vfs_total_us: 9936.773
disk_write_vfs_count: 7243
disk_write_block_total_us: 0.000
disk_write_block_count: 0
disk_write_vfs_total_us: 610.277
disk_write_vfs_count: 33
disk_write_block_total_us: 115.401
disk_write_block_count: 1
