Monitoring disk write latencies (VFS & Block)... Press Ctrl+C to stop.
disk_write_to_cache_total_latency_ns: 15116
disk_write_to_cache_count: 1
disk_cache_to_disk_total_latency_ns: 0
disk_cache_to_disk_count: 0
disk_write_to_cache_total_latency_ns: 13751686
disk_write_to_cache_count: 1888
disk_cache_to_disk_total_latency_ns: 3824757
disk_cache_to_disk_count: 4
disk_write_to_cache_total_latency_ns: 916190
disk_write_to_cache_count: 62
disk_cache_to_disk_total_latency_ns: 0
disk_cache_to_disk_count: 0
disk_write_to_cache_total_latency_ns: 1075895
disk_write_to_cache_count: 63
disk_cache_to_disk_total_latency_ns: 535901
disk_cache_to_disk_count: 1
disk_write_to_cache_total_latency_ns: 7980270
disk_write_to_cache_count: 5406
disk_cache_to_disk_total_latency_ns: 9681565
disk_cache_to_disk_count: 12
disk_write_to_cache_total_latency_ns: 546177
disk_write_to_cache_count: 32
disk_cache_to_disk_total_latency_ns: 208654
disk_cache_to_disk_count: 1
disk_write_to_cache_total_latency_ns: 12672038
disk_write_to_cache_count: 1843
disk_cache_to_disk_total_latency_ns: 21241406
disk_cache_to_disk_count: 22
disk_write_to_cache_total_latency_ns: 605576
disk_write_to_cache_count: 42
disk_cache_to_disk_total_latency_ns: 0
disk_cache_to_disk_count: 0
disk_write_to_cache_total_latency_ns: 15073867
disk_write_to_cache_count: 1836
disk_cache_to_disk_total_latency_ns: 228156
disk_cache_to_disk_count: 1
disk_write_to_cache_total_latency_ns: 655305
disk_write_to_cache_count: 34
disk_cache_to_disk_total_latency_ns: 0
disk_cache_to_disk_count: 0
disk_write_to_cache_total_latency_ns: 13112576
disk_write_to_cache_count: 1853
disk_cache_to_disk_total_latency_ns: 172066
disk_cache_to_disk_count: 1
