Monitoring disk write latencies (VFS & Block)... Press Ctrl+C to stop.
disk_write_to_cache_total_latency_ns: 14803
disk_write_to_cache_count: 1
disk_cache_to_disk_total_latency_ns: 0
disk_cache_to_disk_count: 0
disk_write_to_cache_total_latency_ns: 13881350
disk_write_to_cache_count: 1867
disk_cache_to_disk_total_latency_ns: 2922385
disk_cache_to_disk_count: 3
disk_write_to_cache_total_latency_ns: 565816
disk_write_to_cache_count: 26
disk_cache_to_disk_total_latency_ns: 0
disk_cache_to_disk_count: 0
disk_write_to_cache_total_latency_ns: 9812879
disk_write_to_cache_count: 1464
disk_cache_to_disk_total_latency_ns: 154653
disk_cache_to_disk_count: 1
disk_write_to_cache_total_latency_ns: 6990552
disk_write_to_cache_count: 7203
disk_cache_to_disk_total_latency_ns: 0
disk_cache_to_disk_count: 0
disk_write_to_cache_total_latency_ns: 1122176
disk_write_to_cache_count: 63
disk_cache_to_disk_total_latency_ns: 112744
disk_cache_to_disk_count: 1
disk_write_to_cache_total_latency_ns: 12932479
disk_write_to_cache_count: 1841
disk_cache_to_disk_total_latency_ns: 659077
disk_cache_to_disk_count: 3
disk_write_to_cache_total_latency_ns: 514728
disk_write_to_cache_count: 28
disk_cache_to_disk_total_latency_ns: 236684
disk_cache_to_disk_count: 1
disk_write_to_cache_total_latency_ns: 13427748
disk_write_to_cache_count: 1834
disk_cache_to_disk_total_latency_ns: 0
disk_cache_to_disk_count: 0
disk_write_to_cache_total_latency_ns: 891052
disk_write_to_cache_count: 50
disk_cache_to_disk_total_latency_ns: 74106
disk_cache_to_disk_count: 1
disk_write_to_cache_total_latency_ns: 13186997
disk_write_to_cache_count: 1842
disk_cache_to_disk_total_latency_ns: 0
disk_cache_to_disk_count: 0
