Monitoring disk write latencies (VFS & Block)... Press Ctrl+C to stop.
disk_write_to_cache_total_latency_ns: 16825
disk_write_to_cache_count: 1
disk_cache_to_disk_total_latency_ns: 0
disk_cache_to_disk_count: 0
disk_write_to_cache_total_latency_ns: 14992615
disk_write_to_cache_count: 1860
disk_cache_to_disk_total_latency_ns: 371679
disk_cache_to_disk_count: 1
disk_write_to_cache_total_latency_ns: 955940
disk_write_to_cache_count: 62
disk_cache_to_disk_total_latency_ns: 389495
disk_cache_to_disk_count: 1
disk_write_to_cache_total_latency_ns: 13868008
disk_write_to_cache_count: 1861
disk_cache_to_disk_total_latency_ns: 0
disk_cache_to_disk_count: 0
disk_write_to_cache_total_latency_ns: 674891
disk_write_to_cache_count: 36
disk_cache_to_disk_total_latency_ns: 0
disk_cache_to_disk_count: 0
disk_write_to_cache_total_latency_ns: 13631081
disk_write_to_cache_count: 1819
disk_cache_to_disk_total_latency_ns: 287038
disk_cache_to_disk_count: 1
disk_write_to_cache_total_latency_ns: 763794
disk_write_to_cache_count: 35
disk_cache_to_disk_total_latency_ns: 748344
disk_cache_to_disk_count: 2
disk_write_to_cache_total_latency_ns: 12422030
disk_write_to_cache_count: 1825
disk_cache_to_disk_total_latency_ns: 401940
disk_cache_to_disk_count: 1
disk_write_to_cache_total_latency_ns: 851296
disk_write_to_cache_count: 46
disk_cache_to_disk_total_latency_ns: 329819
disk_cache_to_disk_count: 1
disk_write_to_cache_total_latency_ns: 4037816
disk_write_to_cache_count: 2822
disk_cache_to_disk_total_latency_ns: 159887
disk_cache_to_disk_count: 1
disk_write_to_cache_total_latency_ns: 5520966
disk_write_to_cache_count: 1938
disk_cache_to_disk_total_latency_ns: 0
disk_cache_to_disk_count: 0
