Monitoring disk write latencies (VFS & Block)... Press Ctrl+C to stop.
disk_write_to_cache_total_latency_ns: 20753
disk_write_to_cache_count: 1
disk_cache_to_disk_total_latency_ns: 0
disk_cache_to_disk_count: 0
disk_write_to_cache_total_latency_ns: 1474620
disk_write_to_cache_count: 105
disk_cache_to_disk_total_latency_ns: 2893858
disk_cache_to_disk_count: 3
disk_write_to_cache_total_latency_ns: 13782160
disk_write_to_cache_count: 1853
disk_cache_to_disk_total_latency_ns: 191623
disk_cache_to_disk_count: 1
disk_write_to_cache_total_latency_ns: 1240288
disk_write_to_cache_count: 58
disk_cache_to_disk_total_latency_ns: 9115039
disk_cache_to_disk_count: 10
disk_write_to_cache_total_latency_ns: 12849375
disk_write_to_cache_count: 1828
disk_cache_to_disk_total_latency_ns: 187158
disk_cache_to_disk_count: 1
disk_write_to_cache_total_latency_ns: 615600
disk_write_to_cache_count: 33
disk_cache_to_disk_total_latency_ns: 7893887
disk_cache_to_disk_count: 9
disk_write_to_cache_total_latency_ns: 12754177
disk_write_to_cache_count: 1829
disk_cache_to_disk_total_latency_ns: 1105211
disk_cache_to_disk_count: 4
disk_write_to_cache_total_latency_ns: 590753
disk_write_to_cache_count: 41
disk_cache_to_disk_total_latency_ns: 0
disk_cache_to_disk_count: 0
disk_write_to_cache_total_latency_ns: 12408379
disk_write_to_cache_count: 1822
disk_cache_to_disk_total_latency_ns: 336356
disk_cache_to_disk_count: 1
disk_write_to_cache_total_latency_ns: 689008
disk_write_to_cache_count: 39
disk_cache_to_disk_total_latency_ns: 0
disk_cache_to_disk_count: 0
disk_write_to_cache_total_latency_ns: 651988
disk_write_to_cache_count: 44
disk_cache_to_disk_total_latency_ns: 1060203
disk_cache_to_disk_count: 3
