Monitoring disk write latencies (VFS & Block)... Press Ctrl+C to stop.
disk_write_to_cache_total_latency_ns: 15102
disk_write_to_cache_count: 1
disk_cache_to_disk_total_latency_ns: 0
disk_cache_to_disk_count: 0
disk_write_to_cache_total_latency_ns: 13776291
disk_write_to_cache_count: 1895
disk_cache_to_disk_total_latency_ns: 9445389
disk_cache_to_disk_count: 9
disk_write_to_cache_total_latency_ns: 1057181
disk_write_to_cache_count: 49
disk_cache_to_disk_total_latency_ns: 18076746
disk_cache_to_disk_count: 15
disk_write_to_cache_total_latency_ns: 13089151
disk_write_to_cache_count: 1837
disk_cache_to_disk_total_latency_ns: 266349
disk_cache_to_disk_count: 1
disk_write_to_cache_total_latency_ns: 855103
disk_write_to_cache_count: 48
disk_cache_to_disk_total_latency_ns: 0
disk_cache_to_disk_count: 0
disk_write_to_cache_total_latency_ns: 668714
disk_write_to_cache_count: 35
disk_cache_to_disk_total_latency_ns: 220403
disk_cache_to_disk_count: 1
disk_write_to_cache_total_latency_ns: 13032397
disk_write_to_cache_count: 1842
disk_cache_to_disk_total_latency_ns: 429134
disk_cache_to_disk_count: 2
disk_write_to_cache_total_latency_ns: 656653
disk_write_to_cache_count: 34
disk_cache_to_disk_total_latency_ns: 169418
disk_cache_to_disk_count: 1
disk_write_to_cache_total_latency_ns: 13107504
disk_write_to_cache_count: 1830
disk_cache_to_disk_total_latency_ns: 0
disk_cache_to_disk_count: 0
disk_write_to_cache_total_latency_ns: 708905
disk_write_to_cache_count: 29
disk_cache_to_disk_total_latency_ns: 279085
disk_cache_to_disk_count: 1
disk_write_to_cache_total_latency_ns: 12994352
disk_write_to_cache_count: 1829
disk_cache_to_disk_total_latency_ns: 0
disk_cache_to_disk_count: 0
