Monitoring disk write latencies (VFS & Block)... Press Ctrl+C to stop.
disk_write_to_cache_total_latency_ns: 14035
disk_write_to_cache_count: 1
disk_cache_to_disk_total_latency_ns: 0
disk_cache_to_disk_count: 0
disk_write_to_cache_total_latency_ns: 17254160
disk_write_to_cache_count: 13209
disk_cache_to_disk_total_latency_ns: 3212121
disk_cache_to_disk_count: 5
disk_write_to_cache_total_latency_ns: 808377
disk_write_to_cache_count: 35
disk_cache_to_disk_total_latency_ns: 177118
disk_cache_to_disk_count: 1
disk_write_to_cache_total_latency_ns: 1245247
disk_write_to_cache_count: 60
disk_cache_to_disk_total_latency_ns: 0
disk_cache_to_disk_count: 0
disk_write_to_cache_total_latency_ns: 12663117
disk_write_to_cache_count: 1840
disk_cache_to_disk_total_latency_ns: 365515
disk_cache_to_disk_count: 1
disk_write_to_cache_total_latency_ns: 643053
disk_write_to_cache_count: 32
disk_cache_to_disk_total_latency_ns: 0
disk_cache_to_disk_count: 0
disk_write_to_cache_total_latency_ns: 14021746
disk_write_to_cache_count: 1831
disk_cache_to_disk_total_latency_ns: 1262209
disk_cache_to_disk_count: 3
disk_write_to_cache_total_latency_ns: 811054
disk_write_to_cache_count: 46
disk_cache_to_disk_total_latency_ns: 0
disk_cache_to_disk_count: 0
disk_write_to_cache_total_latency_ns: 13394811
disk_write_to_cache_count: 1854
disk_cache_to_disk_total_latency_ns: 450327
disk_cache_to_disk_count: 1
disk_write_to_cache_total_latency_ns: 644172
disk_write_to_cache_count: 35
disk_cache_to_disk_total_latency_ns: 0
disk_cache_to_disk_count: 0
disk_write_to_cache_total_latency_ns: 13053743
disk_write_to_cache_count: 1838
disk_cache_to_disk_total_latency_ns: 0
disk_cache_to_disk_count: 0
