Monitoring disk write latencies (VFS & Block)... Press Ctrl+C to stop.
disk_write_to_cache_total_latency_ns: 17362
disk_write_to_cache_count: 1
disk_cache_to_disk_total_latency_ns: 0
disk_cache_to_disk_count: 0
disk_write_to_cache_total_latency_ns: 1571925
disk_write_to_cache_count: 96
disk_cache_to_disk_total_latency_ns: 2779256
disk_cache_to_disk_count: 3
disk_write_to_cache_total_latency_ns: 15951000
disk_write_to_cache_count: 11243
disk_cache_to_disk_total_latency_ns: 256914
disk_cache_to_disk_count: 1
disk_write_to_cache_total_latency_ns: 761121
disk_write_to_cache_count: 43
disk_cache_to_disk_total_latency_ns: 0
disk_cache_to_disk_count: 0
disk_write_to_cache_total_latency_ns: 13262256
disk_write_to_cache_count: 1826
disk_cache_to_disk_total_latency_ns: 19425156
disk_cache_to_disk_count: 21
disk_write_to_cache_total_latency_ns: 995162
disk_write_to_cache_count: 61
disk_cache_to_disk_total_latency_ns: 8683579
disk_cache_to_disk_count: 8
disk_write_to_cache_total_latency_ns: 957408
disk_write_to_cache_count: 54
disk_cache_to_disk_total_latency_ns: 1711429
disk_cache_to_disk_count: 3
disk_write_to_cache_total_latency_ns: 13065637
disk_write_to_cache_count: 1822
disk_cache_to_disk_total_latency_ns: 0
disk_cache_to_disk_count: 0
disk_write_to_cache_total_latency_ns: 832105
disk_write_to_cache_count: 47
disk_cache_to_disk_total_latency_ns: 268477
disk_cache_to_disk_count: 1
disk_write_to_cache_total_latency_ns: 13309323
disk_write_to_cache_count: 1824
disk_cache_to_disk_total_latency_ns: 0
disk_cache_to_disk_count: 0
disk_write_to_cache_total_latency_ns: 977274
disk_write_to_cache_count: 31
disk_cache_to_disk_total_latency_ns: 287923
disk_cache_to_disk_count: 2
