Monitoring disk latencies (ms)... Press Ctrl+C to stop.
disk_write_vfs_total_us: 20.082
disk_write_vfs_count: 1
disk_write_block_total_us: 0.000
disk_write_block_count: 0
disk_write_vfs_total_us: 4249.642
disk_write_vfs_count: 238
disk_write_block_total_us: 3756.856
disk_write_block_count: 3
disk_write_vfs_total_us: 13314.120
disk_write_vfs_count: 1858
disk_write_block_total_us: 8896.596
disk_write_block_count: 10
disk_write_vfs_total_us: 1334.568
disk_write_vfs_count: 67
disk_write_block_total_us: 3605.338
disk_write_block_count: 4
disk_write_vfs_total_us: 13395.783
disk_write_vfs_count: 1842
disk_write_block_total_us: 10135.649
disk_write_block_count: 9
disk_write_vfs_total_us: 892.238
disk_write_vfs_count: 33
disk_write_block_total_us: 3138.940
disk_write_block_count: 6
disk_write_vfs_total_us: 13225.758
disk_write_vfs_count: 1841
disk_write_block_total_us: 1421.199
disk_write_block_count: 3
disk_write_vfs_total_us: 701.046
disk_write_vfs_count: 43
disk_write_block_total_us: 0.000
disk_write_block_count: 0
disk_write_vfs_total_us: 5244.162
disk_write_vfs_count: 1021
disk_write_block_total_us: 171.865
disk_write_block_count: 1
disk_write_vfs_total_us: 8086.910
disk_write_vfs_count: 866
disk_write_block_total_us: 0.000
disk_write_block_count: 0
disk_write_vfs_total_us: 642.438
disk_write_vfs_count: 32
disk_write_block_total_us: 183.786
disk_write_block_count: 1
