Monitoring socket creation by family and PID, press Ctrl+C to exit.
socket_family_AF_UNIX: 5
socket_pid_7077_comm_pool: 1
socket_pid_153594_comm_ls: 4
socket_family_AF_UNIX: 9
socket_pid_153624_comm_ls: 4
socket_pid_7077_comm_pool: 1
socket_pid_153594_comm_ls: 4
socket_family_AF_UNIX: 13
socket_pid_153630_comm_ls: 4
socket_pid_153624_comm_ls: 4
socket_pid_7077_comm_pool: 1
socket_pid_153594_comm_ls: 4
socket_family_AF_UNIX: 18
socket_pid_153630_comm_ls: 4
socket_pid_153624_comm_ls: 4
socket_pid_153636_comm_ls: 4
socket_pid_7077_comm_pool: 2
socket_pid_153594_comm_ls: 4
socket_family_AF_UNIX: 22
socket_pid_153630_comm_ls: 4
socket_pid_153624_comm_ls: 4
socket_pid_153642_comm_ls: 4
socket_pid_153636_comm_ls: 4
socket_pid_7077_comm_pool: 2
socket_pid_153594_comm_ls: 4
socket_family_AF_UNIX: 27
socket_pid_153630_comm_ls: 4
socket_pid_153624_comm_ls: 4
socket_pid_153642_comm_ls: 4
socket_pid_153649_comm_ls: 4
socket_pid_153636_comm_ls: 4
socket_pid_7077_comm_pool: 3
socket_pid_153594_comm_ls: 4
socket_family_AF_UNIX: 31
socket_pid_153630_comm_ls: 4
socket_pid_153624_comm_ls: 4
socket_pid_153642_comm_ls: 4
socket_pid_153649_comm_ls: 4
socket_pid_153655_comm_ls: 4
socket_pid_153636_comm_ls: 4
socket_pid_7077_comm_pool: 3
socket_pid_153594_comm_ls: 4
socket_family_AF_UNIX: 31
socket_pid_153630_comm_ls: 4
socket_pid_153624_comm_ls: 4
socket_pid_153642_comm_ls: 4
socket_pid_153649_comm_ls: 4
socket_pid_153655_comm_ls: 4
socket_pid_153636_comm_ls: 4
socket_pid_7077_comm_pool: 3
socket_pid_153594_comm_ls: 4
socket_family_AF_UNIX: 36
socket_pid_153630_comm_ls: 4
socket_pid_153624_comm_ls: 4
socket_pid_153661_comm_ls: 4
socket_pid_153642_comm_ls: 4
socket_pid_153649_comm_ls: 4
socket_pid_153655_comm_ls: 4
socket_pid_153636_comm_ls: 4
socket_pid_7077_comm_pool: 4
socket_pid_153594_comm_ls: 4
socket_family_AF_UNIX: 40
socket_pid_153630_comm_ls: 4
socket_pid_153624_comm_ls: 4
socket_pid_153661_comm_ls: 4
socket_pid_153642_comm_ls: 4
socket_pid_153649_comm_ls: 4
socket_pid_153655_comm_ls: 4
socket_pid_153636_comm_ls: 4
socket_pid_7077_comm_pool: 4
socket_pid_153667_comm_ls: 4
socket_pid_153594_comm_ls: 4
socket_family_AF_UNIX: 45
socket_pid_153630_comm_ls: 4
socket_pid_153624_comm_ls: 4
socket_pid_153661_comm_ls: 4
socket_pid_153642_comm_ls: 4
socket_pid_153649_comm_ls: 4
socket_pid_153655_comm_ls: 4
socket_pid_153636_comm_ls: 4
socket_pid_7077_comm_pool: 5
socket_pid_153667_comm_ls: 4
socket_pid_153594_comm_ls: 4
socket_pid_153673_comm_ls: 4
socket_family_AF_UNIX: 49
socket_pid_153630_comm_ls: 4
socket_pid_153624_comm_ls: 4
socket_pid_153679_comm_ls: 4
socket_pid_153661_comm_ls: 4
socket_pid_153642_comm_ls: 4
socket_pid_153649_comm_ls: 4
socket_pid_153655_comm_ls: 4
socket_pid_153636_comm_ls: 4
socket_pid_7077_comm_pool: 5
socket_pid_153667_comm_ls: 4
socket_pid_153594_comm_ls: 4
socket_pid_153673_comm_ls: 4
socket_family_AF_UNIX: 53
socket_pid_153630_comm_ls: 4
socket_pid_153624_comm_ls: 4
socket_pid_153685_comm_ls: 4
socket_pid_153679_comm_ls: 4
socket_pid_153661_comm_ls: 4
socket_pid_153642_comm_ls: 4
socket_pid_153649_comm_ls: 4
socket_pid_153655_comm_ls: 4
socket_pid_153636_comm_ls: 4
socket_pid_7077_comm_pool: 5
socket_pid_153667_comm_ls: 4
socket_pid_153594_comm_ls: 4
socket_pid_153673_comm_ls: 4
socket_family_AF_UNIX: 58
socket_family_AF_INET: 1
socket_pid_153630_comm_ls: 4
socket_pid_153624_comm_ls: 4
socket_pid_153685_comm_ls: 4
socket_pid_153679_comm_ls: 4
socket_pid_153661_comm_ls: 4
socket_pid_153642_comm_ls: 4
socket_pid_153649_comm_ls: 4
socket_pid_153691_comm_ls: 4
socket_pid_153655_comm_ls: 4
socket_pid_153636_comm_ls: 4
socket_pid_130559_comm_MainThread: 1
socket_pid_7077_comm_pool: 6
socket_pid_153667_comm_ls: 4
socket_pid_153594_comm_ls: 4
socket_pid_153673_comm_ls: 4
socket_family_AF_UNIX: 62
socket_family_AF_INET: 1
socket_pid_153630_comm_ls: 4
socket_pid_153697_comm_ls: 4
socket_pid_153624_comm_ls: 4
socket_pid_153685_comm_ls: 4
socket_pid_153679_comm_ls: 4
socket_pid_153661_comm_ls: 4
socket_pid_153642_comm_ls: 4
socket_pid_153649_comm_ls: 4
socket_pid_153691_comm_ls: 4
socket_pid_153655_comm_ls: 4
socket_pid_153636_comm_ls: 4
socket_pid_130559_comm_MainThread: 1
socket_pid_7077_comm_pool: 6
socket_pid_153667_comm_ls: 4
socket_pid_153594_comm_ls: 4
socket_pid_153673_comm_ls: 4
socket_family_AF_UNIX: 62
socket_family_AF_INET: 1
socket_pid_153630_comm_ls: 4
socket_pid_153697_comm_ls: 4
socket_pid_153624_comm_ls: 4
socket_pid_153685_comm_ls: 4
socket_pid_153679_comm_ls: 4
socket_pid_153661_comm_ls: 4
socket_pid_153642_comm_ls: 4
socket_pid_153649_comm_ls: 4
socket_pid_153691_comm_ls: 4
socket_pid_153655_comm_ls: 4
socket_pid_153636_comm_ls: 4
socket_pid_130559_comm_MainThread: 1
socket_pid_7077_comm_pool: 6
socket_pid_153667_comm_ls: 4
socket_pid_153594_comm_ls: 4
socket_pid_153673_comm_ls: 4
