Monitoring disk cache latencies... Press Ctrl+C to stop.
disk_write_to_cache_total_latency_ns: 0
disk_write_to_cache_count: 0
disk_cache_to_disk_total_latency_ns: 0
disk_cache_to_disk_count: 0
disk_write_to_cache_total_latency_ns: 0
disk_write_to_cache_count: 0
disk_cache_to_disk_total_latency_ns: 0
disk_cache_to_disk_count: 0
disk_write_to_cache_total_latency_ns: 0
disk_write_to_cache_count: 0
disk_cache_to_disk_total_latency_ns: 181242
disk_cache_to_disk_count: 1
disk_write_to_cache_total_latency_ns: 0
disk_write_to_cache_count: 0
disk_cache_to_disk_total_latency_ns: 0
disk_cache_to_disk_count: 0
disk_write_to_cache_total_latency_ns: 0
disk_write_to_cache_count: 0
disk_cache_to_disk_total_latency_ns: 189288
disk_cache_to_disk_count: 1
disk_write_to_cache_total_latency_ns: 0
disk_write_to_cache_count: 0
disk_cache_to_disk_total_latency_ns: 0
disk_cache_to_disk_count: 0
disk_write_to_cache_total_latency_ns: 0
disk_write_to_cache_count: 0
disk_cache_to_disk_total_latency_ns: 338634
disk_cache_to_disk_count: 2
disk_write_to_cache_total_latency_ns: 0
disk_write_to_cache_count: 0
disk_cache_to_disk_total_latency_ns: 0
disk_cache_to_disk_count: 0
disk_write_to_cache_total_latency_ns: 0
disk_write_to_cache_count: 0
disk_cache_to_disk_total_latency_ns: 64595
disk_cache_to_disk_count: 1
disk_write_to_cache_total_latency_ns: 0
disk_write_to_cache_count: 0
disk_cache_to_disk_total_latency_ns: 0
disk_cache_to_disk_count: 0
disk_write_to_cache_total_latency_ns: 0
disk_write_to_cache_count: 0
disk_cache_to_disk_total_latency_ns: 63250
disk_cache_to_disk_count: 1
