Monitoring disk cache latencies... Press Ctrl+C to stop.
disk_write_to_cache_total_latency_ns: 0
disk_write_to_cache_count: 0
disk_cache_to_disk_total_latency_ns: 0
disk_cache_to_disk_count: 0
disk_write_to_cache_total_latency_ns: 0
disk_write_to_cache_count: 0
disk_cache_to_disk_total_latency_ns: 6708614
disk_cache_to_disk_count: 8
disk_write_to_cache_total_latency_ns: 0
disk_write_to_cache_count: 0
disk_cache_to_disk_total_latency_ns: 12418772
disk_cache_to_disk_count: 17
disk_write_to_cache_total_latency_ns: 0
disk_write_to_cache_count: 0
disk_cache_to_disk_total_latency_ns: 686903
disk_cache_to_disk_count: 1
disk_write_to_cache_total_latency_ns: 0
disk_write_to_cache_count: 0
disk_cache_to_disk_total_latency_ns: 0
disk_cache_to_disk_count: 0
disk_write_to_cache_total_latency_ns: 0
disk_write_to_cache_count: 0
disk_cache_to_disk_total_latency_ns: 108528
disk_cache_to_disk_count: 1
disk_write_to_cache_total_latency_ns: 0
disk_write_to_cache_count: 0
disk_cache_to_disk_total_latency_ns: 0
disk_cache_to_disk_count: 0
disk_write_to_cache_total_latency_ns: 0
disk_write_to_cache_count: 0
disk_cache_to_disk_total_latency_ns: 268215
disk_cache_to_disk_count: 1
disk_write_to_cache_total_latency_ns: 0
disk_write_to_cache_count: 0
disk_cache_to_disk_total_latency_ns: 0
disk_cache_to_disk_count: 0
disk_write_to_cache_total_latency_ns: 0
disk_write_to_cache_count: 0
disk_cache_to_disk_total_latency_ns: 86352
disk_cache_to_disk_count: 1
disk_write_to_cache_total_latency_ns: 0
disk_write_to_cache_count: 0
disk_cache_to_disk_total_latency_ns: 0
disk_cache_to_disk_count: 0
