Monitoring disk cache latencies... Press Ctrl+C to stop.
disk_write_to_cache_total_latency_ns: 0
disk_write_to_cache_count: 0
disk_cache_to_disk_total_latency_ns: 0
disk_cache_to_disk_count: 0
disk_write_to_cache_total_latency_ns: 0
disk_write_to_cache_count: 0
disk_cache_to_disk_total_latency_ns: 0
disk_cache_to_disk_count: 0
disk_write_to_cache_total_latency_ns: 0
disk_write_to_cache_count: 0
disk_cache_to_disk_total_latency_ns: 6744120
disk_cache_to_disk_count: 5
disk_write_to_cache_total_latency_ns: 0
disk_write_to_cache_count: 0
disk_cache_to_disk_total_latency_ns: 0
disk_cache_to_disk_count: 0
disk_write_to_cache_total_latency_ns: 0
disk_write_to_cache_count: 0
disk_cache_to_disk_total_latency_ns: 9891545
disk_cache_to_disk_count: 10
disk_write_to_cache_total_latency_ns: 0
disk_write_to_cache_count: 0
disk_cache_to_disk_total_latency_ns: 0
disk_cache_to_disk_count: 0
disk_write_to_cache_total_latency_ns: 0
disk_write_to_cache_count: 0
disk_cache_to_disk_total_latency_ns: 164502
disk_cache_to_disk_count: 1
disk_write_to_cache_total_latency_ns: 0
disk_write_to_cache_count: 0
disk_cache_to_disk_total_latency_ns: 0
disk_cache_to_disk_count: 0
disk_write_to_cache_total_latency_ns: 0
disk_write_to_cache_count: 0
disk_cache_to_disk_total_latency_ns: 164903
disk_cache_to_disk_count: 1
disk_write_to_cache_total_latency_ns: 0
disk_write_to_cache_count: 0
disk_cache_to_disk_total_latency_ns: 0
disk_cache_to_disk_count: 0
disk_write_to_cache_total_latency_ns: 0
disk_write_to_cache_count: 0
disk_cache_to_disk_total_latency_ns: 159632
disk_cache_to_disk_count: 1
