Monitoring disk cache latencies... Press Ctrl+C to stop.
disk_write_to_cache_total_latency_ns: 0
disk_write_to_cache_count: 0
disk_cache_to_disk_total_latency_ns: 0
disk_cache_to_disk_count: 0
disk_write_to_cache_total_latency_ns: 0
disk_write_to_cache_count: 0
disk_cache_to_disk_total_latency_ns: 9214027415
disk_cache_to_disk_count: 42
disk_write_to_cache_total_latency_ns: 0
disk_write_to_cache_count: 0
disk_cache_to_disk_total_latency_ns: 9279262241
disk_cache_to_disk_count: 74
disk_write_to_cache_total_latency_ns: 0
disk_write_to_cache_count: 0
disk_cache_to_disk_total_latency_ns: 11734452580
disk_cache_to_disk_count: 83
disk_write_to_cache_total_latency_ns: 0
disk_write_to_cache_count: 0
disk_cache_to_disk_total_latency_ns: 11734452580
disk_cache_to_disk_count: 83
disk_write_to_cache_total_latency_ns: 0
disk_write_to_cache_count: 0
disk_cache_to_disk_total_latency_ns: 11734625344
disk_cache_to_disk_count: 84
disk_write_to_cache_total_latency_ns: 0
disk_write_to_cache_count: 0
disk_cache_to_disk_total_latency_ns: 11734625344
disk_cache_to_disk_count: 84
disk_write_to_cache_total_latency_ns: 0
disk_write_to_cache_count: 0
disk_cache_to_disk_total_latency_ns: 11734904977
disk_cache_to_disk_count: 85
disk_write_to_cache_total_latency_ns: 0
disk_write_to_cache_count: 0
disk_cache_to_disk_total_latency_ns: 11734904977
disk_cache_to_disk_count: 85
disk_write_to_cache_total_latency_ns: 0
disk_write_to_cache_count: 0
disk_cache_to_disk_total_latency_ns: 11735237694
disk_cache_to_disk_count: 86
disk_write_to_cache_total_latency_ns: 0
disk_write_to_cache_count: 0
disk_cache_to_disk_total_latency_ns: 11735237694
disk_cache_to_disk_count: 86
disk_write_to_cache_total_latency_ns: 0
disk_write_to_cache_count: 0
disk_cache_to_disk_total_latency_ns: 11735633667
disk_cache_to_disk_count: 87
disk_write_to_cache_total_latency_ns: 0
disk_write_to_cache_count: 0
disk_cache_to_disk_total_latency_ns: 11735633667
disk_cache_to_disk_count: 87
disk_write_to_cache_total_latency_ns: 0
disk_write_to_cache_count: 0
disk_cache_to_disk_total_latency_ns: 11736244453
disk_cache_to_disk_count: 89
disk_write_to_cache_total_latency_ns: 0
disk_write_to_cache_count: 0
disk_cache_to_disk_total_latency_ns: 11738191910
disk_cache_to_disk_count: 91
disk_write_to_cache_total_latency_ns: 0
disk_write_to_cache_count: 0
disk_cache_to_disk_total_latency_ns: 11738464183
disk_cache_to_disk_count: 92
disk_write_to_cache_total_latency_ns: 0
disk_write_to_cache_count: 0
disk_cache_to_disk_total_latency_ns: 11738464183
disk_cache_to_disk_count: 92
disk_write_to_cache_total_latency_ns: 0
disk_write_to_cache_count: 0
disk_cache_to_disk_total_latency_ns: 11738829887
disk_cache_to_disk_count: 93
disk_write_to_cache_total_latency_ns: 0
disk_write_to_cache_count: 0
disk_cache_to_disk_total_latency_ns: 11738829887
disk_cache_to_disk_count: 93
disk_write_to_cache_total_latency_ns: 0
disk_write_to_cache_count: 0
disk_cache_to_disk_total_latency_ns: 11739060517
disk_cache_to_disk_count: 94
disk_write_to_cache_total_latency_ns: 0
disk_write_to_cache_count: 0
disk_cache_to_disk_total_latency_ns: 11739060517
disk_cache_to_disk_count: 94
disk_write_to_cache_total_latency_ns: 0
disk_write_to_cache_count: 0
disk_cache_to_disk_total_latency_ns: 11739420750
disk_cache_to_disk_count: 95
disk_write_to_cache_total_latency_ns: 0
disk_write_to_cache_count: 0
disk_cache_to_disk_total_latency_ns: 11739420750
disk_cache_to_disk_count: 95
disk_write_to_cache_total_latency_ns: 0
disk_write_to_cache_count: 0
disk_cache_to_disk_total_latency_ns: 11888748007
disk_cache_to_disk_count: 97
disk_write_to_cache_total_latency_ns: 0
disk_write_to_cache_count: 0
disk_cache_to_disk_total_latency_ns: 11888748007
disk_cache_to_disk_count: 97
disk_write_to_cache_total_latency_ns: 0
disk_write_to_cache_count: 0
disk_cache_to_disk_total_latency_ns: 11889001463
disk_cache_to_disk_count: 98
disk_write_to_cache_total_latency_ns: 0
disk_write_to_cache_count: 0
disk_cache_to_disk_total_latency_ns: 11889001463
disk_cache_to_disk_count: 98
disk_write_to_cache_total_latency_ns: 0
disk_write_to_cache_count: 0
disk_cache_to_disk_total_latency_ns: 11889067665
disk_cache_to_disk_cou