Monitoring disk cache latencies... Press Ctrl+C to stop.
disk_write_to_cache_total_latency_ns: 0
disk_write_to_cache_count: 0
disk_cache_to_disk_total_latency_ns: 0
disk_cache_to_disk_count: 0
disk_write_to_cache_total_latency_ns: 0
disk_write_to_cache_count: 0
disk_cache_to_disk_total_latency_ns: 0
disk_cache_to_disk_count: 0
disk_write_to_cache_total_latency_ns: 0
disk_write_to_cache_count: 0
disk_cache_to_disk_total_latency_ns: 77948
disk_cache_to_disk_count: 1
disk_write_to_cache_total_latency_ns: 0
disk_write_to_cache_count: 0
disk_cache_to_disk_total_latency_ns: 0
disk_cache_to_disk_count: 0
disk_write_to_cache_total_latency_ns: 0
disk_write_to_cache_count: 0
disk_cache_to_disk_total_latency_ns: 77715
disk_cache_to_disk_count: 1
disk_write_to_cache_total_latency_ns: 0
disk_write_to_cache_count: 0
disk_cache_to_disk_total_latency_ns: 0
disk_cache_to_disk_count: 0
disk_write_to_cache_total_latency_ns: 0
disk_write_to_cache_count: 0
disk_cache_to_disk_total_latency_ns: 167764
disk_cache_to_disk_count: 1
disk_write_to_cache_total_latency_ns: 0
disk_write_to_cache_count: 0
disk_cache_to_disk_total_latency_ns: 0
disk_cache_to_disk_count: 0
disk_write_to_cache_total_latency_ns: 0
disk_write_to_cache_count: 0
disk_cache_to_disk_total_latency_ns: 87088
disk_cache_to_disk_count: 1
disk_write_to_cache_total_latency_ns: 0
disk_write_to_cache_count: 0
disk_cache_to_disk_total_latency_ns: 0
disk_cache_to_disk_count: 0
disk_write_to_cache_total_latency_ns: 0
disk_write_to_cache_count: 0
disk_cache_to_disk_total_latency_ns: 846751
disk_cache_to_disk_count: 3
